<html>
<body>
<pre>
<h1>µVision Build Log</h1>
<h2>Project:</h2>
D:\STM32_WS\1_HelloWorld\wpb.uvproj
Project File Date:  09/30/2018

<h2>Output:</h2>
Build target 'WPB'
compiling core_cm3.c...
compiling main.c...
compiling misc.c...
compiling stm32f10x_adc.c...
compiling stm32f10x_bkp.c...
compiling stm32f10x_can.c...
compiling stm32f10x_cec.c...
compiling stm32f10x_crc.c...
compiling stm32f10x_dac.c...
compiling stm32f10x_dbgmcu.c...
compiling stm32f10x_dma.c...
compiling stm32f10x_exti.c...
compiling stm32f10x_flash.c...
compiling stm32f10x_fsmc.c...
compiling stm32f10x_gpio.c...
compiling stm32f10x_i2c.c...
compiling stm32f10x_iwdg.c...
compiling stm32f10x_pwr.c...
compiling stm32f10x_rcc.c...
compiling stm32f10x_rtc.c...
compiling stm32f10x_sdio.c...
compiling stm32f10x_spi.c...
compiling stm32f10x_tim.c...
compiling stm32f10x_usart.c...
compiling stm32f10x_wwdg.c...
compiling system_stm32f10x.c...
compiling inv_mpu.c...
compiling inv_mpu_dmp_motion_driver.c...
compiling Queue.c...
compiling stdlib.c...
compiling Wp_25F16.c...
compiling Wp_ADC.c...
compiling Wp_Ble.c...
compiling Wp_Dma.c...
compiling Wp_EXTI.c...
compiling Wp_Flash.c...
compiling Wp_Globle.c...
compiling Wp_GPIO.c...
compiling Wp_HallSensor.c...
compiling Wp_IIC.c...
compiling Wp_it.c...
compiling Wp_Key.c...
compiling Wp_Motor.c...
compiling Wp_MPU6050.c...
compiling Wp_NVIC.c...
compiling Wp_OLED.c...
compiling Wp_Pwm.c...
compiling Wp_Sys.c...
compiling Wp_TIMER.c...
compiling Wp_UART.c...
assembling startup_stm32f10x_hd.s...
linking...
Program Size: Code=39800 RO-data=6268 RW-data=388 ZI-data=2068  
After Build - User command #1: C:\Keil\ARM\ARMCC\bin\fromelf.exe "..\Build\wpb.axf" --bin --output "..\Build\wpb.bin"
"..\Build\wpb.axf": Error: Q0122E: Could not open file '..\Build\wpb.axf': No such file or directory
Finished: 0 information, 0 warning and 1 error messages.
".\Build\wpb.axf" - 0 Errors, 0 Warning(s).
Load "D:\\STM32_WS\\1_HelloWorld\\Build\\wpb.axf" 
Set JLink Project File to "D:\STM32_WS\1_HelloWorld\JLinkSettings.ini"
* JLink Info: Device "STM32F103VC" selected (256 KB flash, 48 KB RAM).
 
JLink info:
------------
DLL: V4.68a, compiled Apr 12 2013 13:26:50
Firmware: J-Link ARM V8 compiled Nov 28 2014 13:44:46
Hardware: V8.00
S/N : 788529858 
Feature(s) : RDI,FlashDL,FlashBP,JFlash,GDB 
 
* JLink Info: Found SWD-DP with ID 0x1BA01477
* JLink Info: Found SWD-DP with ID 0x1BA01477
* JLink Info: TPIU fitted.
* JLink Info: ETM fitted.
* JLink Info: FPUnit: 6 code (BP) slots and 2 literal slots
* JLink Info: Found Cortex-M3 r1p1, Little endian.
ROMTableAddr = 0xE00FF003
 
Target info:
------------
Device: STM32F103VC
VTarget = 3.319V
State of Pins: 
TCK: 1, TDI: 1, TDO: 1, TMS: 1, TRES: 1, TRST: 1
Hardware-Breakpoints: 6
Software-Breakpoints: 8192
Watchpoints:          4
JTAG speed: 1000 kHz
 
Erase Done.
Programming Done.
Verify OK.
Application running ...
Build target 'WPB'
compiling core_cm3.c...
compiling main.c...
compiling misc.c...
compiling stm32f10x_adc.c...
compiling stm32f10x_bkp.c...
compiling stm32f10x_can.c...
compiling stm32f10x_cec.c...
compiling stm32f10x_crc.c...
compiling stm32f10x_dac.c...
compiling stm32f10x_dbgmcu.c...
compiling stm32f10x_dma.c...
compiling stm32f10x_exti.c...
compiling stm32f10x_flash.c...
compiling stm32f10x_fsmc.c...
compiling stm32f10x_gpio.c...
compiling stm32f10x_i2c.c...
compiling stm32f10x_iwdg.c...
compiling stm32f10x_pwr.c...
compiling stm32f10x_rcc.c...
compiling stm32f10x_rtc.c...
compiling stm32f10x_sdio.c...
compiling stm32f10x_spi.c...
compiling stm32f10x_tim.c...
compiling stm32f10x_usart.c...
compiling stm32f10x_wwdg.c...
compiling system_stm32f10x.c...
compiling inv_mpu.c...
compiling inv_mpu_dmp_motion_driver.c...
compiling Queue.c...
compiling stdlib.c...
compiling Wp_25F16.c...
compiling Wp_ADC.c...
compiling Wp_Ble.c...
compiling Wp_Dma.c...
compiling Wp_EXTI.c...
compiling Wp_Flash.c...
compiling Wp_Globle.c...
compiling Wp_GPIO.c...
compiling Wp_HallSensor.c...
compiling Wp_IIC.c...
compiling Wp_it.c...
compiling Wp_Key.c...
compiling Wp_Motor.c...
compiling Wp_MPU6050.c...
compiling Wp_NVIC.c...
compiling Wp_OLED.c...
compiling Wp_Pwm.c...
compiling Wp_Sys.c...
compiling Wp_TIMER.c...
compiling Wp_UART.c...
assembling startup_stm32f10x_hd.s...
linking...
Program Size: Code=39476 RO-data=6264 RW-data=332 ZI-data=2068  
After Build - User command #1: C:\Keil\ARM\ARMCC\bin\fromelf.exe "..\Build\wpb.axf" --bin --output "..\Build\wpb.bin"
"..\Build\wpb.axf": Error: Q0122E: Could not open file '..\Build\wpb.axf': No such file or directory
Finished: 0 information, 0 warning and 1 error messages.
".\Build\wpb.axf" - 0 Errors, 0 Warning(s).
Build target 'WPB'
compiling main.c...
linking...
Program Size: Code=39476 RO-data=6264 RW-data=332 ZI-data=2068  
".\Build\wpb.axf" - 0 Errors, 0 Warning(s).
Load "D:\\STM32_WS\\1_HelloWorld\\Build\\wpb.axf" 
Set JLink Project File to "D:\STM32_WS\1_HelloWorld\JLinkSettings.ini"
* JLink Info: Device "STM32F103VC" selected (256 KB flash, 48 KB RAM).
 
JLink info:
------------
DLL: V4.68a, compiled Apr 12 2013 13:26:50
Firmware: J-Link ARM V8 compiled Nov 28 2014 13:44:46
Hardware: V8.00
S/N : 788529858 
Feature(s) : RDI,FlashDL,FlashBP,JFlash,GDB 
 
* JLink Info: STM32F1xxx: Can not attach to CPU. Trying connect under reset.
Load "D:\\STM32_WS\\1_HelloWorld\\Build\\wpb.axf" 
Set JLink Project File to "D:\STM32_WS\1_HelloWorld\JLinkSettings.ini"
* JLink Info: Device "STM32F103VC" selected (256 KB flash, 48 KB RAM).
 
JLink info:
------------
DLL: V4.68a, compiled Apr 12 2013 13:26:50
Firmware: J-Link ARM V8 compiled Nov 28 2014 13:44:46
Hardware: V8.00
S/N : 788529858 
Feature(s) : RDI,FlashDL,FlashBP,JFlash,GDB 
 
* JLink Info: Found SWD-DP with ID 0x1BA01477
* JLink Info: Found SWD-DP with ID 0x1BA01477
* JLink Info: TPIU fitted.
* JLink Info: ETM fitted.
* JLink Info: FPUnit: 6 code (BP) slots and 2 literal slots
* JLink Info: Found Cortex-M3 r1p1, Little endian.
ROMTableAddr = 0xE00FF003
 
Target info:
------------
Device: STM32F103VC
VTarget = 3.332V
State of Pins: 
TCK: 1, TDI: 1, TDO: 1, TMS: 1, TRES: 1, TRST: 1
Hardware-Breakpoints: 6
Software-Breakpoints: 8192
Watchpoints:          4
JTAG speed: 1000 kHz
 
Erase Done.
Programming Done.
Verify OK.
Application running ...
Rebuild target 'WPB'
compiling core_cm3.c...
compiling main.c...
compiling misc.c...
compiling stm32f10x_adc.c...
compiling stm32f10x_bkp.c...
compiling stm32f10x_can.c...
compiling stm32f10x_cec.c...
compiling stm32f10x_crc.c...
compiling stm32f10x_dac.c...
compiling stm32f10x_dbgmcu.c...
compiling stm32f10x_dma.c...
compiling stm32f10x_exti.c...
compiling stm32f10x_flash.c...
compiling stm32f10x_fsmc.c...
compiling stm32f10x_gpio.c...
compiling stm32f10x_i2c.c...
compiling stm32f10x_iwdg.c...
compiling stm32f10x_pwr.c...
compiling stm32f10x_rcc.c...
compiling stm32f10x_rtc.c...
compiling stm32f10x_sdio.c...
compiling stm32f10x_spi.c...
compiling stm32f10x_tim.c...
compiling stm32f10x_usart.c...
compiling stm32f10x_wwdg.c...
compiling system_stm32f10x.c...
compiling inv_mpu.c...
compiling inv_mpu_dmp_motion_driver.c...
compiling Queue.c...
compiling stdlib.c...
compiling Wp_25F16.c...
compiling Wp_ADC.c...
compiling Wp_Ble.c...
compiling Wp_Dma.c...
compiling Wp_EXTI.c...
compiling Wp_Flash.c...
compiling Wp_Globle.c...
compiling Wp_GPIO.c...
compiling Wp_HallSensor.c...
compiling Wp_IIC.c...
compiling Wp_it.c...
compiling Wp_Key.c...
compiling Wp_Motor.c...
compiling Wp_MPU6050.c...
compiling Wp_NVIC.c...
compiling Wp_OLED.c...
compiling Wp_Pwm.c...
compiling Wp_Sys.c...
compiling Wp_TIMER.c...
compiling Wp_UART.c...
assembling startup_stm32f10x_hd.s...
linking...
Program Size: Code=39476 RO-data=6264 RW-data=332 ZI-data=2068  
".\Build\wpb.axf" - 0 Errors, 0 Warning(s).
Load "D:\\STM32_WS\\1_HelloWorld\\Build\\wpb.axf" 
Set JLink Project File to "D:\STM32_WS\1_HelloWorld\JLinkSettings.ini"
* JLink Info: Device "STM32F103VC" selected (256 KB flash, 48 KB RAM).
 
JLink info:
------------
DLL: V4.68a, compiled Apr 12 2013 13:26:50
Firmware: J-Link ARM V8 compiled Nov 28 2014 13:44:46
Hardware: V8.00
S/N : 788529858 
Feature(s) : RDI,FlashDL,FlashBP,JFlash,GDB 
 
* JLink Info: Found SWD-DP with ID 0x1BA01477
* JLink Info: Found SWD-DP with ID 0x1BA01477
* JLink Info: TPIU fitted.
* JLink Info: ETM fitted.
* JLink Info: FPUnit: 6 code (BP) slots and 2 literal slots
* JLink Info: Found Cortex-M3 r1p1, Little endian.
ROMTableAddr = 0xE00FF003
 
Target info:
------------
Device: STM32F103VC
VTarget = 3.306V
State of Pins: 
TCK: 1, TDI: 1, TDO: 1, TMS: 1, TRES: 1, TRST: 1
Hardware-Breakpoints: 6
Software-Breakpoints: 8192
Watchpoints:          4
JTAG speed: 1000 kHz
 
Erase Done.
Programming Done.
Verify OK.
Application running ...
